Archive member included to satisfy reference by file (symbol)

d:/muhammad/college/embedded/project/avr8-gnu-toolchain-win32_x86_64/bin/../lib/gcc/avr/7.3.0/avr5\libgcc.a(_exit.o)
                              d:/muhammad/college/embedded/project/avr8-gnu-toolchain-win32_x86_64/bin/../lib/gcc/avr/7.3.0/../../../../avr/lib/avr5/crtatmega328p.o (exit)
d:/muhammad/college/embedded/project/avr8-gnu-toolchain-win32_x86_64/bin/../lib/gcc/avr/7.3.0/avr5\libgcc.a(_copy_data.o)
                              ./src/main.o (__do_copy_data)
d:/muhammad/college/embedded/project/avr8-gnu-toolchain-win32_x86_64/bin/../lib/gcc/avr/7.3.0/avr5\libgcc.a(_clear_bss.o)
                              ./src/main.o (__do_clear_bss)

Discarded input sections

 .group         0x0000000000000000        0x8 ./src/main.o
 .group         0x0000000000000000        0x8 ./src/main.o
 .group         0x0000000000000000        0x8 ./src/main.o
 .group         0x0000000000000000        0x8 ./src/main.o
 .group         0x0000000000000000        0x8 ./src/main.o
 .group         0x0000000000000000        0x8 ./src/main.o
 .group         0x0000000000000000        0x8 ./src/main.o
 .group         0x0000000000000000        0x8 ./src/main.o
 .group         0x0000000000000000        0x8 ./src/main.o
 .group         0x0000000000000000        0x8 ./src/main.o
 .group         0x0000000000000000        0x8 ./src/main.o
 .group         0x0000000000000000        0x8 ./src/main.o
 .group         0x0000000000000000        0x8 ./gpio/gpio.o
 .group         0x0000000000000000        0x8 ./gpio/gpio.o
 .group         0x0000000000000000        0x8 ./gpio/gpio.o
 .group         0x0000000000000000        0x8 ./gpio/gpio.o
 .group         0x0000000000000000        0x8 ./gpio/gpio.o
 .group         0x0000000000000000        0x8 ./gpio/gpio.o
 .group         0x0000000000000000        0x8 ./gpio/gpio.o
 .group         0x0000000000000000        0x8 ./gpio/gpio.o
 .group         0x0000000000000000        0x8 ./gpio/gpio.o
 .group         0x0000000000000000        0x8 ./gpio/gpio.o
 .group         0x0000000000000000        0x8 ./gpio/gpio.o
 .debug_macro   0x0000000000000000      0xb2c ./gpio/gpio.o
 .debug_macro   0x0000000000000000       0x10 ./gpio/gpio.o
 .debug_macro   0x0000000000000000      0x1c9 ./gpio/gpio.o
 .debug_macro   0x0000000000000000      0x2fc ./gpio/gpio.o
 .debug_macro   0x0000000000000000       0x9e ./gpio/gpio.o
 .debug_macro   0x0000000000000000     0x1411 ./gpio/gpio.o
 .debug_macro   0x0000000000000000      0x13a ./gpio/gpio.o
 .debug_macro   0x0000000000000000       0xbd ./gpio/gpio.o
 .debug_macro   0x0000000000000000       0x34 ./gpio/gpio.o
 .debug_macro   0x0000000000000000       0x18 ./gpio/gpio.o
 .debug_macro   0x0000000000000000       0x6c ./gpio/gpio.o
 .group         0x0000000000000000        0x8 ./WDGDrv/WDGDrv.o
 .group         0x0000000000000000        0x8 ./WDGDrv/WDGDrv.o
 .group         0x0000000000000000        0x8 ./WDGDrv/WDGDrv.o
 .group         0x0000000000000000        0x8 ./WDGDrv/WDGDrv.o
 .group         0x0000000000000000        0x8 ./WDGDrv/WDGDrv.o
 .group         0x0000000000000000        0x8 ./WDGDrv/WDGDrv.o
 .group         0x0000000000000000        0x8 ./WDGDrv/WDGDrv.o
 .group         0x0000000000000000        0x8 ./WDGDrv/WDGDrv.o
 .group         0x0000000000000000        0x8 ./WDGDrv/WDGDrv.o
 .group         0x0000000000000000        0x8 ./WDGDrv/WDGDrv.o
 .group         0x0000000000000000        0x8 ./WDGDrv/WDGDrv.o
 .group         0x0000000000000000        0x8 ./WDGDrv/WDGDrv.o
 .group         0x0000000000000000        0x8 ./WDGDrv/WDGDrv.o
 .group         0x0000000000000000        0x8 ./WDGDrv/WDGDrv.o
 .group         0x0000000000000000        0x8 ./WDGDrv/WDGDrv.o
 .debug_macro   0x0000000000000000      0xb2c ./WDGDrv/WDGDrv.o
 .debug_macro   0x0000000000000000       0x10 ./WDGDrv/WDGDrv.o
 .debug_macro   0x0000000000000000      0x1c9 ./WDGDrv/WDGDrv.o
 .debug_macro   0x0000000000000000      0x2fc ./WDGDrv/WDGDrv.o
 .debug_macro   0x0000000000000000       0x9e ./WDGDrv/WDGDrv.o
 .debug_macro   0x0000000000000000     0x1411 ./WDGDrv/WDGDrv.o
 .debug_macro   0x0000000000000000      0x13a ./WDGDrv/WDGDrv.o
 .debug_macro   0x0000000000000000       0xbd ./WDGDrv/WDGDrv.o
 .debug_macro   0x0000000000000000       0x34 ./WDGDrv/WDGDrv.o
 .debug_macro   0x0000000000000000       0x18 ./WDGDrv/WDGDrv.o
 .debug_macro   0x0000000000000000       0x6c ./WDGDrv/WDGDrv.o
 .group         0x0000000000000000        0x8 ./WDGDM/WDGM.o
 .debug_macro   0x0000000000000000      0xb2c ./WDGDM/WDGM.o
 .group         0x0000000000000000        0x8 ./LEDMgr/LEDM.o
 .group         0x0000000000000000        0x8 ./LEDMgr/LEDM.o
 .group         0x0000000000000000        0x8 ./LEDMgr/LEDM.o
 .group         0x0000000000000000        0x8 ./LEDMgr/LEDM.o
 .group         0x0000000000000000        0x8 ./LEDMgr/LEDM.o
 .group         0x0000000000000000        0x8 ./LEDMgr/LEDM.o
 .group         0x0000000000000000        0x8 ./LEDMgr/LEDM.o
 .group         0x0000000000000000        0x8 ./LEDMgr/LEDM.o
 .group         0x0000000000000000        0x8 ./LEDMgr/LEDM.o
 .group         0x0000000000000000        0x8 ./LEDMgr/LEDM.o
 .group         0x0000000000000000        0x8 ./LEDMgr/LEDM.o
 .debug_macro   0x0000000000000000      0xb2c ./LEDMgr/LEDM.o
 .debug_macro   0x0000000000000000       0x10 ./LEDMgr/LEDM.o
 .debug_macro   0x0000000000000000      0x1c9 ./LEDMgr/LEDM.o
 .debug_macro   0x0000000000000000      0x2fc ./LEDMgr/LEDM.o
 .debug_macro   0x0000000000000000       0x9e ./LEDMgr/LEDM.o
 .debug_macro   0x0000000000000000     0x1411 ./LEDMgr/LEDM.o
 .debug_macro   0x0000000000000000      0x13a ./LEDMgr/LEDM.o
 .debug_macro   0x0000000000000000       0xbd ./LEDMgr/LEDM.o
 .debug_macro   0x0000000000000000       0x34 ./LEDMgr/LEDM.o
 .debug_macro   0x0000000000000000       0x18 ./LEDMgr/LEDM.o
 .debug_macro   0x0000000000000000       0x6c ./LEDMgr/LEDM.o

Memory Configuration

Name             Origin             Length             Attributes
text             0x0000000000000000 0x0000000000008000 xr
data             0x0000000000800100 0x0000000000000800 rw !x
eeprom           0x0000000000810000 0x0000000000000400 rw !x
fuse             0x0000000000820000 0x0000000000000003 rw !x
lock             0x0000000000830000 0x0000000000000400 rw !x
signature        0x0000000000840000 0x0000000000000400 rw !x
user_signatures  0x0000000000850000 0x0000000000000400 rw !x
*default*        0x0000000000000000 0xffffffffffffffff

Linker script and memory map

Address of section .data set to 0x800100
LOAD d:/muhammad/college/embedded/project/avr8-gnu-toolchain-win32_x86_64/bin/../lib/gcc/avr/7.3.0/../../../../avr/lib/avr5/crtatmega328p.o
LOAD ./src/main.o
LOAD ./gpio/gpio.o
LOAD ./WDGDrv/WDGDrv.o
LOAD ./WDGDM/WDGM.o
LOAD ./LEDMgr/LEDM.o
START GROUP
LOAD d:/muhammad/college/embedded/project/avr8-gnu-toolchain-win32_x86_64/bin/../lib/gcc/avr/7.3.0/avr5\libgcc.a
LOAD d:/muhammad/college/embedded/project/avr8-gnu-toolchain-win32_x86_64/bin/../lib/gcc/avr/7.3.0/../../../../avr/lib/avr5\libm.a
LOAD d:/muhammad/college/embedded/project/avr8-gnu-toolchain-win32_x86_64/bin/../lib/gcc/avr/7.3.0/../../../../avr/lib/avr5\libc.a
LOAD d:/muhammad/college/embedded/project/avr8-gnu-toolchain-win32_x86_64/bin/../lib/gcc/avr/7.3.0/../../../../avr/lib/avr5\libatmega328p.a
END GROUP
                0x0000000000000000                __TEXT_REGION_ORIGIN__ = DEFINED (__TEXT_REGION_ORIGIN__)?__TEXT_REGION_ORIGIN__:0x0
                [0x0000000000800100]                __DATA_REGION_ORIGIN__ = DEFINED (__DATA_REGION_ORIGIN__)?__DATA_REGION_ORIGIN__:0x800060
                [0x0000000000008000]                __TEXT_REGION_LENGTH__ = DEFINED (__TEXT_REGION_LENGTH__)?__TEXT_REGION_LENGTH__:0x20000
                [0x0000000000000800]                __DATA_REGION_LENGTH__ = DEFINED (__DATA_REGION_LENGTH__)?__DATA_REGION_LENGTH__:0xffa0
                [0x0000000000000400]                __EEPROM_REGION_LENGTH__ = DEFINED (__EEPROM_REGION_LENGTH__)?__EEPROM_REGION_LENGTH__:0x10000
                [0x0000000000000003]                __FUSE_REGION_LENGTH__ = DEFINED (__FUSE_REGION_LENGTH__)?__FUSE_REGION_LENGTH__:0x400
                0x0000000000000400                __LOCK_REGION_LENGTH__ = DEFINED (__LOCK_REGION_LENGTH__)?__LOCK_REGION_LENGTH__:0x400
                0x0000000000000400                __SIGNATURE_REGION_LENGTH__ = DEFINED (__SIGNATURE_REGION_LENGTH__)?__SIGNATURE_REGION_LENGTH__:0x400
                0x0000000000000400                __USER_SIGNATURE_REGION_LENGTH__ = DEFINED (__USER_SIGNATURE_REGION_LENGTH__)?__USER_SIGNATURE_REGION_LENGTH__:0x400

.hash
 *(.hash)

.dynsym
 *(.dynsym)

.dynstr
 *(.dynstr)

.gnu.version
 *(.gnu.version)

.gnu.version_d
 *(.gnu.version_d)

.gnu.version_r
 *(.gnu.version_r)

.rel.init
 *(.rel.init)

.rela.init
 *(.rela.init)

.rel.text
 *(.rel.text)
 *(.rel.text.*)
 *(.rel.gnu.linkonce.t*)

.rela.text
 *(.rela.text)
 *(.rela.text.*)
 *(.rela.gnu.linkonce.t*)

.rel.fini
 *(.rel.fini)

.rela.fini
 *(.rela.fini)

.rel.rodata
 *(.rel.rodata)
 *(.rel.rodata.*)
 *(.rel.gnu.linkonce.r*)

.rela.rodata
 *(.rela.rodata)
 *(.rela.rodata.*)
 *(.rela.gnu.linkonce.r*)

.rel.data
 *(.rel.data)
 *(.rel.data.*)
 *(.rel.gnu.linkonce.d*)

.rela.data
 *(.rela.data)
 *(.rela.data.*)
 *(.rela.gnu.linkonce.d*)

.rel.ctors
 *(.rel.ctors)

.rela.ctors
 *(.rela.ctors)

.rel.dtors
 *(.rel.dtors)

.rela.dtors
 *(.rela.dtors)

.rel.got
 *(.rel.got)

.rela.got
 *(.rela.got)

.rel.bss
 *(.rel.bss)

.rela.bss
 *(.rela.bss)

.rel.plt
 *(.rel.plt)

.rela.plt
 *(.rela.plt)

.text           0x0000000000000000      0x340
 *(.vectors)
 .vectors       0x0000000000000000       0x68 d:/muhammad/college/embedded/project/avr8-gnu-toolchain-win32_x86_64/bin/../lib/gcc/avr/7.3.0/../../../../avr/lib/avr5/crtatmega328p.o
                0x0000000000000000                __vector_default
                0x0000000000000000                __vectors
 *(.vectors)
 *(.progmem.gcc*)
                0x0000000000000068                . = ALIGN (0x2)
                0x0000000000000068                __trampolines_start = .
 *(.trampolines)
 .trampolines   0x0000000000000068        0x0 linker stubs
 *(.trampolines*)
                0x0000000000000068                __trampolines_end = .
 *libprintf_flt.a:*(.progmem.data)
 *libc.a:*(.progmem.data)
 *(.progmem*)
                0x0000000000000068                . = ALIGN (0x2)
 *(.jumptables)
 *(.jumptables*)
 *(.lowtext)
 *(.lowtext*)
                0x0000000000000068                __ctors_start = .
 *(.ctors)
                0x0000000000000068                __ctors_end = .
                0x0000000000000068                __dtors_start = .
 *(.dtors)
                0x0000000000000068                __dtors_end = .
 SORT(*)(.ctors)
 SORT(*)(.dtors)
 *(.init0)
 .init0         0x0000000000000068        0x0 d:/muhammad/college/embedded/project/avr8-gnu-toolchain-win32_x86_64/bin/../lib/gcc/avr/7.3.0/../../../../avr/lib/avr5/crtatmega328p.o
                0x0000000000000068                __init
 *(.init0)
 *(.init1)
 *(.init1)
 *(.init2)
 .init2         0x0000000000000068        0xc d:/muhammad/college/embedded/project/avr8-gnu-toolchain-win32_x86_64/bin/../lib/gcc/avr/7.3.0/../../../../avr/lib/avr5/crtatmega328p.o
 *(.init2)
 *(.init3)
 *(.init3)
 *(.init4)
 .init4         0x0000000000000074       0x16 d:/muhammad/college/embedded/project/avr8-gnu-toolchain-win32_x86_64/bin/../lib/gcc/avr/7.3.0/avr5\libgcc.a(_copy_data.o)
                0x0000000000000074                __do_copy_data
 .init4         0x000000000000008a       0x10 d:/muhammad/college/embedded/project/avr8-gnu-toolchain-win32_x86_64/bin/../lib/gcc/avr/7.3.0/avr5\libgcc.a(_clear_bss.o)
                0x000000000000008a                __do_clear_bss
 *(.init4)
 *(.init5)
 *(.init5)
 *(.init6)
 *(.init6)
 *(.init7)
 *(.init7)
 *(.init8)
 *(.init8)
 *(.init9)
 .init9         0x000000000000009a        0x8 d:/muhammad/college/embedded/project/avr8-gnu-toolchain-win32_x86_64/bin/../lib/gcc/avr/7.3.0/../../../../avr/lib/avr5/crtatmega328p.o
 *(.init9)
 *(.text)
 .text          0x00000000000000a2        0x4 d:/muhammad/college/embedded/project/avr8-gnu-toolchain-win32_x86_64/bin/../lib/gcc/avr/7.3.0/../../../../avr/lib/avr5/crtatmega328p.o
                0x00000000000000a2                __vector_22
                0x00000000000000a2                __vector_1
                0x00000000000000a2                __vector_24
                0x00000000000000a2                __vector_12
                0x00000000000000a2                __bad_interrupt
                0x00000000000000a2                __vector_6
                0x00000000000000a2                __vector_3
                0x00000000000000a2                __vector_23
                0x00000000000000a2                __vector_25
                0x00000000000000a2                __vector_13
                0x00000000000000a2                __vector_17
                0x00000000000000a2                __vector_19
                0x00000000000000a2                __vector_7
                0x00000000000000a2                __vector_5
                0x00000000000000a2                __vector_4
                0x00000000000000a2                __vector_9
                0x00000000000000a2                __vector_2
                0x00000000000000a2                __vector_21
                0x00000000000000a2                __vector_15
                0x00000000000000a2                __vector_8
                0x00000000000000a2                __vector_10
                0x00000000000000a2                __vector_16
                0x00000000000000a2                __vector_18
                0x00000000000000a2                __vector_20
 .text          0x00000000000000a6        0x0 ./src/main.o
 .text          0x00000000000000a6        0x0 ./gpio/gpio.o
 .text          0x00000000000000a6        0x0 ./WDGDrv/WDGDrv.o
 .text          0x00000000000000a6        0x0 ./WDGDM/WDGM.o
 .text          0x00000000000000a6        0x0 ./LEDMgr/LEDM.o
 .text          0x00000000000000a6        0x0 d:/muhammad/college/embedded/project/avr8-gnu-toolchain-win32_x86_64/bin/../lib/gcc/avr/7.3.0/avr5\libgcc.a(_exit.o)
 .text          0x00000000000000a6        0x0 d:/muhammad/college/embedded/project/avr8-gnu-toolchain-win32_x86_64/bin/../lib/gcc/avr/7.3.0/avr5\libgcc.a(_copy_data.o)
 .text          0x00000000000000a6        0x0 d:/muhammad/college/embedded/project/avr8-gnu-toolchain-win32_x86_64/bin/../lib/gcc/avr/7.3.0/avr5\libgcc.a(_clear_bss.o)
                0x00000000000000a6                . = ALIGN (0x2)
 *(.text.*)
 .text.Timer0_Init
                0x00000000000000a6       0x12 ./src/main.o
                0x00000000000000a6                Timer0_Init
 .text.__vector_14
                0x00000000000000b8       0x4a ./src/main.o
                0x00000000000000b8                __vector_14
 .text.startup.main
                0x0000000000000102       0x6e ./src/main.o
                0x0000000000000102                main
 .text.GPIO_Init
                0x0000000000000170        0x4 ./gpio/gpio.o
                0x0000000000000170                GPIO_Init
 .text.GPIO_Write
                0x0000000000000174       0x24 ./gpio/gpio.o
                0x0000000000000174                GPIO_Write
 .text.WDGDrv_Init
                0x0000000000000198       0x40 ./WDGDrv/WDGDrv.o
                0x0000000000000198                WDGDrv_Init
 .text.WDGDrv_IsrNotification
                0x00000000000001d8       0x14 ./WDGDrv/WDGDrv.o
                0x00000000000001d8                WDGDrv_IsrNotification
 .text.__vector_11
                0x00000000000001ec       0x48 ./WDGDrv/WDGDrv.o
                0x00000000000001ec                __vector_11
 .text.WDGM_Init
                0x0000000000000234       0x1e ./WDGDM/WDGM.o
                0x0000000000000234                WDGM_Init
 .text.WDGM_MainFunction
                0x0000000000000252       0x68 ./WDGDM/WDGM.o
                0x0000000000000252                WDGM_MainFunction
 .text.WDGM_PovideSuppervisionStatus
                0x00000000000002ba        0x6 ./WDGDM/WDGM.o
                0x00000000000002ba                WDGM_PovideSuppervisionStatus
 .text.WDGM_AlivenessIndication
                0x00000000000002c0       0x14 ./WDGDM/WDGM.o
                0x00000000000002c0                WDGM_AlivenessIndication
 .text.LEDM_Init
                0x00000000000002d4        0xe ./LEDMgr/LEDM.o
                0x00000000000002d4                LEDM_Init
 .text.LEDM_Manage
                0x00000000000002e2       0x5a ./LEDMgr/LEDM.o
                0x00000000000002e2                LEDM_Manage
 .text.libgcc.mul
                0x000000000000033c        0x0 d:/muhammad/college/embedded/project/avr8-gnu-toolchain-win32_x86_64/bin/../lib/gcc/avr/7.3.0/avr5\libgcc.a(_exit.o)
 .text.libgcc.div
                0x000000000000033c        0x0 d:/muhammad/college/embedded/project/avr8-gnu-toolchain-win32_x86_64/bin/../lib/gcc/avr/7.3.0/avr5\libgcc.a(_exit.o)
 .text.libgcc   0x000000000000033c        0x0 d:/muhammad/college/embedded/project/avr8-gnu-toolchain-win32_x86_64/bin/../lib/gcc/avr/7.3.0/avr5\libgcc.a(_exit.o)
 .text.libgcc.prologue
                0x000000000000033c        0x0 d:/muhammad/college/embedded/project/avr8-gnu-toolchain-win32_x86_64/bin/../lib/gcc/avr/7.3.0/avr5\libgcc.a(_exit.o)
 .text.libgcc.builtins
                0x000000000000033c        0x0 d:/muhammad/college/embedded/project/avr8-gnu-toolchain-win32_x86_64/bin/../lib/gcc/avr/7.3.0/avr5\libgcc.a(_exit.o)
 .text.libgcc.fmul
                0x000000000000033c        0x0 d:/muhammad/college/embedded/project/avr8-gnu-toolchain-win32_x86_64/bin/../lib/gcc/avr/7.3.0/avr5\libgcc.a(_exit.o)
 .text.libgcc.fixed
                0x000000000000033c        0x0 d:/muhammad/college/embedded/project/avr8-gnu-toolchain-win32_x86_64/bin/../lib/gcc/avr/7.3.0/avr5\libgcc.a(_exit.o)
 .text.libgcc.mul
                0x000000000000033c        0x0 d:/muhammad/college/embedded/project/avr8-gnu-toolchain-win32_x86_64/bin/../lib/gcc/avr/7.3.0/avr5\libgcc.a(_copy_data.o)
 .text.libgcc.div
                0x000000000000033c        0x0 d:/muhammad/college/embedded/project/avr8-gnu-toolchain-win32_x86_64/bin/../lib/gcc/avr/7.3.0/avr5\libgcc.a(_copy_data.o)
 .text.libgcc   0x000000000000033c        0x0 d:/muhammad/college/embedded/project/avr8-gnu-toolchain-win32_x86_64/bin/../lib/gcc/avr/7.3.0/avr5\libgcc.a(_copy_data.o)
 .text.libgcc.prologue
                0x000000000000033c        0x0 d:/muhammad/college/embedded/project/avr8-gnu-toolchain-win32_x86_64/bin/../lib/gcc/avr/7.3.0/avr5\libgcc.a(_copy_data.o)
 .text.libgcc.builtins
                0x000000000000033c        0x0 d:/muhammad/college/embedded/project/avr8-gnu-toolchain-win32_x86_64/bin/../lib/gcc/avr/7.3.0/avr5\libgcc.a(_copy_data.o)
 .text.libgcc.fmul
                0x000000000000033c        0x0 d:/muhammad/college/embedded/project/avr8-gnu-toolchain-win32_x86_64/bin/../lib/gcc/avr/7.3.0/avr5\libgcc.a(_copy_data.o)
 .text.libgcc.fixed
                0x000000000000033c        0x0 d:/muhammad/college/embedded/project/avr8-gnu-toolchain-win32_x86_64/bin/../lib/gcc/avr/7.3.0/avr5\libgcc.a(_copy_data.o)
 .text.libgcc.mul
                0x000000000000033c        0x0 d:/muhammad/college/embedded/project/avr8-gnu-toolchain-win32_x86_64/bin/../lib/gcc/avr/7.3.0/avr5\libgcc.a(_clear_bss.o)
 .text.libgcc.div
                0x000000000000033c        0x0 d:/muhammad/college/embedded/project/avr8-gnu-toolchain-win32_x86_64/bin/../lib/gcc/avr/7.3.0/avr5\libgcc.a(_clear_bss.o)
 .text.libgcc   0x000000000000033c        0x0 d:/muhammad/college/embedded/project/avr8-gnu-toolchain-win32_x86_64/bin/../lib/gcc/avr/7.3.0/avr5\libgcc.a(_clear_bss.o)
 .text.libgcc.prologue
                0x000000000000033c        0x0 d:/muhammad/college/embedded/project/avr8-gnu-toolchain-win32_x86_64/bin/../lib/gcc/avr/7.3.0/avr5\libgcc.a(_clear_bss.o)
 .text.libgcc.builtins
                0x000000000000033c        0x0 d:/muhammad/college/embedded/project/avr8-gnu-toolchain-win32_x86_64/bin/../lib/gcc/avr/7.3.0/avr5\libgcc.a(_clear_bss.o)
 .text.libgcc.fmul
                0x000000000000033c        0x0 d:/muhammad/college/embedded/project/avr8-gnu-toolchain-win32_x86_64/bin/../lib/gcc/avr/7.3.0/avr5\libgcc.a(_clear_bss.o)
 .text.libgcc.fixed
                0x000000000000033c        0x0 d:/muhammad/college/embedded/project/avr8-gnu-toolchain-win32_x86_64/bin/../lib/gcc/avr/7.3.0/avr5\libgcc.a(_clear_bss.o)
                0x000000000000033c                . = ALIGN (0x2)
 *(.fini9)
 .fini9         0x000000000000033c        0x0 d:/muhammad/college/embedded/project/avr8-gnu-toolchain-win32_x86_64/bin/../lib/gcc/avr/7.3.0/avr5\libgcc.a(_exit.o)
                0x000000000000033c                _exit
                0x000000000000033c                exit
 *(.fini9)
 *(.fini8)
 *(.fini8)
 *(.fini7)
 *(.fini7)
 *(.fini6)
 *(.fini6)
 *(.fini5)
 *(.fini5)
 *(.fini4)
 *(.fini4)
 *(.fini3)
 *(.fini3)
 *(.fini2)
 *(.fini2)
 *(.fini1)
 *(.fini1)
 *(.fini0)
 .fini0         0x000000000000033c        0x4 d:/muhammad/college/embedded/project/avr8-gnu-toolchain-win32_x86_64/bin/../lib/gcc/avr/7.3.0/avr5\libgcc.a(_exit.o)
 *(.fini0)
                0x0000000000000340                _etext = .

.data           0x0000000000800100        0x2 load address 0x0000000000000340
                0x0000000000800100                PROVIDE (__data_start, .)
 *(.data)
 .data          0x0000000000800100        0x0 d:/muhammad/college/embedded/project/avr8-gnu-toolchain-win32_x86_64/bin/../lib/gcc/avr/7.3.0/../../../../avr/lib/avr5/crtatmega328p.o
 .data          0x0000000000800100        0x0 ./src/main.o
 .data          0x0000000000800100        0x0 ./gpio/gpio.o
 .data          0x0000000000800100        0x0 ./WDGDrv/WDGDrv.o
 .data          0x0000000000800100        0x0 ./WDGDM/WDGM.o
 .data          0x0000000000800100        0x0 ./LEDMgr/LEDM.o
 .data          0x0000000000800100        0x0 d:/muhammad/college/embedded/project/avr8-gnu-toolchain-win32_x86_64/bin/../lib/gcc/avr/7.3.0/avr5\libgcc.a(_exit.o)
 .data          0x0000000000800100        0x0 d:/muhammad/college/embedded/project/avr8-gnu-toolchain-win32_x86_64/bin/../lib/gcc/avr/7.3.0/avr5\libgcc.a(_copy_data.o)
 .data          0x0000000000800100        0x0 d:/muhammad/college/embedded/project/avr8-gnu-toolchain-win32_x86_64/bin/../lib/gcc/avr/7.3.0/avr5\libgcc.a(_clear_bss.o)
 *(.data*)
 .data.called   0x0000000000800100        0x1 ./src/main.o
                0x0000000000800100                called
 .data.ledState
                0x0000000000800101        0x1 ./LEDMgr/LEDM.o
 *(.gnu.linkonce.d*)
 *(.rodata)
 *(.rodata*)
 *(.gnu.linkonce.r*)
                0x0000000000800102                . = ALIGN (0x2)
                0x0000000000800102                _edata = .
                0x0000000000800102                PROVIDE (__data_end, .)

.bss            0x0000000000800102       0x10
                0x0000000000800102                PROVIDE (__bss_start, .)
 *(.bss)
 .bss           0x0000000000800102        0x0 d:/muhammad/college/embedded/project/avr8-gnu-toolchain-win32_x86_64/bin/../lib/gcc/avr/7.3.0/../../../../avr/lib/avr5/crtatmega328p.o
 .bss           0x0000000000800102        0x0 ./src/main.o
 .bss           0x0000000000800102        0x0 ./gpio/gpio.o
 .bss           0x0000000000800102        0x0 ./WDGDrv/WDGDrv.o
 .bss           0x0000000000800102        0x0 ./WDGDM/WDGM.o
 .bss           0x0000000000800102        0x0 ./LEDMgr/LEDM.o
 .bss           0x0000000000800102        0x0 d:/muhammad/college/embedded/project/avr8-gnu-toolchain-win32_x86_64/bin/../lib/gcc/avr/7.3.0/avr5\libgcc.a(_exit.o)
 .bss           0x0000000000800102        0x0 d:/muhammad/college/embedded/project/avr8-gnu-toolchain-win32_x86_64/bin/../lib/gcc/avr/7.3.0/avr5\libgcc.a(_copy_data.o)
 .bss           0x0000000000800102        0x0 d:/muhammad/college/embedded/project/avr8-gnu-toolchain-win32_x86_64/bin/../lib/gcc/avr/7.3.0/avr5\libgcc.a(_clear_bss.o)
 *(.bss*)
 .bss.stuck_flag
                0x0000000000800102        0x1 ./src/main.o
                0x0000000000800102                stuck_flag
 .bss.time      0x0000000000800103        0x4 ./src/main.o
                0x0000000000800103                time
 .bss.elapsedTime
                0x0000000000800107        0x4 ./WDGDM/WDGM.o
 .bss.wdgmStatus
                0x000000000080010b        0x1 ./WDGDM/WDGM.o
 .bss.ledM_Manage_CallCount
                0x000000000080010c        0x2 ./WDGDM/WDGM.o
 .bss.elapsedTime
                0x000000000080010e        0x4 ./LEDMgr/LEDM.o
 *(COMMON)
                0x0000000000800112                PROVIDE (__bss_end, .)
                0x0000000000000340                __data_load_start = LOADADDR (.data)
                0x0000000000000342                __data_load_end = (__data_load_start + SIZEOF (.data))

.noinit         0x0000000000800112        0x0
                [!provide]                        PROVIDE (__noinit_start, .)
 *(.noinit*)
                [!provide]                        PROVIDE (__noinit_end, .)
                0x0000000000800112                _end = .
                [!provide]                        PROVIDE (__heap_start, .)

.eeprom         0x0000000000810000        0x0
 *(.eeprom*)
                0x0000000000810000                __eeprom_end = .

.fuse
 *(.fuse)
 *(.lfuse)
 *(.hfuse)
 *(.efuse)

.lock
 *(.lock*)

.signature
 *(.signature*)

.user_signatures
 *(.user_signatures*)

.stab
 *(.stab)

.stabstr
 *(.stabstr)

.stab.excl
 *(.stab.excl)

.stab.exclstr
 *(.stab.exclstr)

.stab.index
 *(.stab.index)

.stab.indexstr
 *(.stab.indexstr)

.comment        0x0000000000000000       0x30
 *(.comment)
 .comment       0x0000000000000000       0x30 ./src/main.o
                                         0x31 (size before relaxing)
 .comment       0x0000000000000030       0x31 ./gpio/gpio.o
 .comment       0x0000000000000030       0x31 ./WDGDrv/WDGDrv.o
 .comment       0x0000000000000030       0x31 ./WDGDM/WDGM.o
 .comment       0x0000000000000030       0x31 ./LEDMgr/LEDM.o

.note.gnu.avr.deviceinfo
                0x0000000000000000       0x40
 .note.gnu.avr.deviceinfo
                0x0000000000000000       0x40 d:/muhammad/college/embedded/project/avr8-gnu-toolchain-win32_x86_64/bin/../lib/gcc/avr/7.3.0/../../../../avr/lib/avr5/crtatmega328p.o

.note.gnu.build-id
 *(.note.gnu.build-id)

.debug
 *(.debug)

.line
 *(.line)

.debug_srcinfo
 *(.debug_srcinfo)

.debug_sfnames
 *(.debug_sfnames)

.debug_aranges  0x0000000000000000       0xe8
 *(.debug_aranges)
 .debug_aranges
                0x0000000000000000       0x30 ./src/main.o
 .debug_aranges
                0x0000000000000030       0x28 ./gpio/gpio.o
 .debug_aranges
                0x0000000000000058       0x30 ./WDGDrv/WDGDrv.o
 .debug_aranges
                0x0000000000000088       0x38 ./WDGDM/WDGM.o
 .debug_aranges
                0x00000000000000c0       0x28 ./LEDMgr/LEDM.o

.debug_pubnames
 *(.debug_pubnames)

.debug_info     0x0000000000000000      0xbcc
 *(.debug_info .gnu.linkonce.wi.*)
 .debug_info    0x0000000000000000      0x5f4 d:/muhammad/college/embedded/project/avr8-gnu-toolchain-win32_x86_64/bin/../lib/gcc/avr/7.3.0/../../../../avr/lib/avr5/crtatmega328p.o
 .debug_info    0x00000000000005f4      0x183 ./src/main.o
 .debug_info    0x0000000000000777       0xbe ./gpio/gpio.o
 .debug_info    0x0000000000000835      0x151 ./WDGDrv/WDGDrv.o
 .debug_info    0x0000000000000986      0x115 ./WDGDM/WDGM.o
 .debug_info    0x0000000000000a9b      0x131 ./LEDMgr/LEDM.o

.debug_abbrev   0x0000000000000000      0x94f
 *(.debug_abbrev)
 .debug_abbrev  0x0000000000000000      0x5a2 d:/muhammad/college/embedded/project/avr8-gnu-toolchain-win32_x86_64/bin/../lib/gcc/avr/7.3.0/../../../../avr/lib/avr5/crtatmega328p.o
 .debug_abbrev  0x00000000000005a2       0xca ./src/main.o
 .debug_abbrev  0x000000000000066c       0x8c ./gpio/gpio.o
 .debug_abbrev  0x00000000000006f8      0x103 ./WDGDrv/WDGDrv.o
 .debug_abbrev  0x00000000000007fb       0x9d ./WDGDM/WDGM.o
 .debug_abbrev  0x0000000000000898       0xb7 ./LEDMgr/LEDM.o

.debug_line     0x0000000000000000      0xdb2
 *(.debug_line .debug_line.* .debug_line_end)
 .debug_line    0x0000000000000000       0x1a d:/muhammad/college/embedded/project/avr8-gnu-toolchain-win32_x86_64/bin/../lib/gcc/avr/7.3.0/../../../../avr/lib/avr5/crtatmega328p.o
 .debug_line    0x000000000000001a      0x454 ./src/main.o
 .debug_line    0x000000000000046e      0x20d ./gpio/gpio.o
 .debug_line    0x000000000000067b      0x366 ./WDGDrv/WDGDrv.o
 .debug_line    0x00000000000009e1       0xd7 ./WDGDM/WDGM.o
 .debug_line    0x0000000000000ab8      0x2fa ./LEDMgr/LEDM.o

.debug_frame    0x0000000000000000      0x1ac
 *(.debug_frame)
 .debug_frame   0x0000000000000000       0x64 ./src/main.o
 .debug_frame   0x0000000000000064       0x34 ./gpio/gpio.o
 .debug_frame   0x0000000000000098       0x8c ./WDGDrv/WDGDrv.o
 .debug_frame   0x0000000000000124       0x54 ./WDGDM/WDGM.o
 .debug_frame   0x0000000000000178       0x34 ./LEDMgr/LEDM.o

.debug_str      0x0000000000000000     0x766d
 *(.debug_str)
 .debug_str     0x0000000000000000      0x208 d:/muhammad/college/embedded/project/avr8-gnu-toolchain-win32_x86_64/bin/../lib/gcc/avr/7.3.0/../../../../avr/lib/avr5/crtatmega328p.o
 .debug_str     0x0000000000000208     0x6e59 ./src/main.o
                                       0x6f09 (size before relaxing)
 .debug_str     0x0000000000007061       0x3e ./gpio/gpio.o
                                       0x6b36 (size before relaxing)
 .debug_str     0x000000000000709f      0x546 ./WDGDrv/WDGDrv.o
                                       0x73cd (size before relaxing)
 .debug_str     0x00000000000075e5       0x52 ./WDGDM/WDGM.o
                                       0x2f93 (size before relaxing)
 .debug_str     0x0000000000007637       0x36 ./LEDMgr/LEDM.o
                                       0x6b9a (size before relaxing)

.debug_loc      0x0000000000000000      0x18c
 *(.debug_loc)
 .debug_loc     0x0000000000000000       0x8d ./src/main.o
 .debug_loc     0x000000000000008d       0x21 ./gpio/gpio.o
 .debug_loc     0x00000000000000ae       0xde ./WDGDrv/WDGDrv.o

.debug_macinfo
 *(.debug_macinfo)

.debug_weaknames
 *(.debug_weaknames)

.debug_funcnames
 *(.debug_funcnames)

.debug_typenames
 *(.debug_typenames)

.debug_varnames
 *(.debug_varnames)

.debug_pubtypes
 *(.debug_pubtypes)

.debug_ranges   0x0000000000000000       0x98
 *(.debug_ranges)
 .debug_ranges  0x0000000000000000       0x20 ./src/main.o
 .debug_ranges  0x0000000000000020       0x18 ./gpio/gpio.o
 .debug_ranges  0x0000000000000038       0x20 ./WDGDrv/WDGDrv.o
 .debug_ranges  0x0000000000000058       0x28 ./WDGDM/WDGM.o
 .debug_ranges  0x0000000000000080       0x18 ./LEDMgr/LEDM.o

.debug_macro    0x0000000000000000     0x2d3b
 *(.debug_macro)
 .debug_macro   0x0000000000000000       0xb8 ./src/main.o
 .debug_macro   0x00000000000000b8      0xb2c ./src/main.o
 .debug_macro   0x0000000000000be4       0x10 ./src/main.o
 .debug_macro   0x0000000000000bf4      0x1c9 ./src/main.o
 .debug_macro   0x0000000000000dbd      0x2fc ./src/main.o
 .debug_macro   0x00000000000010b9       0x9e ./src/main.o
 .debug_macro   0x0000000000001157     0x1411 ./src/main.o
 .debug_macro   0x0000000000002568      0x13a ./src/main.o
 .debug_macro   0x00000000000026a2       0xbd ./src/main.o
 .debug_macro   0x000000000000275f       0x34 ./src/main.o
 .debug_macro   0x0000000000002793       0x18 ./src/main.o
 .debug_macro   0x00000000000027ab       0x6c ./src/main.o
 .debug_macro   0x0000000000002817       0x69 ./src/main.o
 .debug_macro   0x0000000000002880       0x97 ./gpio/gpio.o
 .debug_macro   0x0000000000002917      0x111 ./WDGDrv/WDGDrv.o
 .debug_macro   0x0000000000002a28       0x63 ./WDGDrv/WDGDrv.o
 .debug_macro   0x0000000000002a8b       0x68 ./WDGDrv/WDGDrv.o
 .debug_macro   0x0000000000002af3       0x10 ./WDGDrv/WDGDrv.o
 .debug_macro   0x0000000000002b03      0x166 ./WDGDrv/WDGDrv.o
 .debug_macro   0x0000000000002c69       0x1b ./WDGDM/WDGM.o
 .debug_macro   0x0000000000002c84       0xb7 ./LEDMgr/LEDM.o
OUTPUT(BlinkingLed_with_Watchdog.elf elf32-avr)
LOAD linker stubs
