Archive member included to satisfy reference by file (symbol)

c:/tools/avr8-gnu-toolchain-win32_x86_64/bin/../lib/gcc/avr/7.3.0/avr5\libgcc.a(_exit.o)
                              c:/tools/avr8-gnu-toolchain-win32_x86_64/bin/../lib/gcc/avr/7.3.0/../../../../avr/lib/avr5/crtatmega328p.o (exit)
c:/tools/avr8-gnu-toolchain-win32_x86_64/bin/../lib/gcc/avr/7.3.0/avr5\libgcc.a(_copy_data.o)
                              ./LEDMgr/LEDM.o (__do_copy_data)
c:/tools/avr8-gnu-toolchain-win32_x86_64/bin/../lib/gcc/avr/7.3.0/avr5\libgcc.a(_clear_bss.o)
                              ./src/main.o (__do_clear_bss)

Discarded input sections

 .group         0x0000000000000000        0x8 ./src/main.o
 .group         0x0000000000000000        0x8 ./src/main.o
 .group         0x0000000000000000        0x8 ./src/main.o
 .group         0x0000000000000000        0x8 ./src/main.o
 .group         0x0000000000000000        0x8 ./src/main.o
 .group         0x0000000000000000        0x8 ./src/main.o
 .group         0x0000000000000000        0x8 ./src/main.o
 .group         0x0000000000000000        0x8 ./src/main.o
 .group         0x0000000000000000        0x8 ./src/main.o
 .group         0x0000000000000000        0x8 ./src/main.o
 .group         0x0000000000000000        0x8 ./src/main.o
 .group         0x0000000000000000        0x8 ./src/main.o
 .group         0x0000000000000000        0x8 ./src/main.o
 .group         0x0000000000000000        0x8 ./gpio/gpio.o
 .group         0x0000000000000000        0x8 ./gpio/gpio.o
 .group         0x0000000000000000        0x8 ./gpio/gpio.o
 .group         0x0000000000000000        0x8 ./gpio/gpio.o
 .group         0x0000000000000000        0x8 ./gpio/gpio.o
 .group         0x0000000000000000        0x8 ./gpio/gpio.o
 .group         0x0000000000000000        0x8 ./gpio/gpio.o
 .group         0x0000000000000000        0x8 ./gpio/gpio.o
 .group         0x0000000000000000        0x8 ./gpio/gpio.o
 .group         0x0000000000000000        0x8 ./gpio/gpio.o
 .group         0x0000000000000000        0x8 ./gpio/gpio.o
 .group         0x0000000000000000        0x8 ./gpio/gpio.o
 .debug_macro   0x0000000000000000      0xb2c ./gpio/gpio.o
 .debug_macro   0x0000000000000000       0x10 ./gpio/gpio.o
 .debug_macro   0x0000000000000000      0x1c9 ./gpio/gpio.o
 .debug_macro   0x0000000000000000      0x2fc ./gpio/gpio.o
 .debug_macro   0x0000000000000000       0x9e ./gpio/gpio.o
 .debug_macro   0x0000000000000000     0x1411 ./gpio/gpio.o
 .debug_macro   0x0000000000000000      0x13a ./gpio/gpio.o
 .debug_macro   0x0000000000000000       0xbd ./gpio/gpio.o
 .debug_macro   0x0000000000000000       0x34 ./gpio/gpio.o
 .debug_macro   0x0000000000000000       0x18 ./gpio/gpio.o
 .debug_macro   0x0000000000000000       0x6c ./gpio/gpio.o
 .group         0x0000000000000000        0x8 ./WDGDrv/WDGDrv.o
 .group         0x0000000000000000        0x8 ./WDGDrv/WDGDrv.o
 .group         0x0000000000000000        0x8 ./WDGDrv/WDGDrv.o
 .group         0x0000000000000000        0x8 ./WDGDrv/WDGDrv.o
 .group         0x0000000000000000        0x8 ./WDGDrv/WDGDrv.o
 .group         0x0000000000000000        0x8 ./WDGDrv/WDGDrv.o
 .group         0x0000000000000000        0x8 ./WDGDrv/WDGDrv.o
 .group         0x0000000000000000        0x8 ./WDGDrv/WDGDrv.o
 .group         0x0000000000000000        0x8 ./WDGDrv/WDGDrv.o
 .group         0x0000000000000000        0x8 ./WDGDrv/WDGDrv.o
 .group         0x0000000000000000        0x8 ./WDGDrv/WDGDrv.o
 .group         0x0000000000000000        0x8 ./WDGDrv/WDGDrv.o
 .group         0x0000000000000000        0x8 ./WDGDrv/WDGDrv.o
 .debug_macro   0x0000000000000000      0xb2c ./WDGDrv/WDGDrv.o
 .debug_macro   0x0000000000000000       0x10 ./WDGDrv/WDGDrv.o
 .debug_macro   0x0000000000000000      0x1c9 ./WDGDrv/WDGDrv.o
 .debug_macro   0x0000000000000000      0x2fc ./WDGDrv/WDGDrv.o
 .debug_macro   0x0000000000000000       0x9e ./WDGDrv/WDGDrv.o
 .debug_macro   0x0000000000000000     0x1411 ./WDGDrv/WDGDrv.o
 .debug_macro   0x0000000000000000      0x13a ./WDGDrv/WDGDrv.o
 .debug_macro   0x0000000000000000       0xbd ./WDGDrv/WDGDrv.o
 .debug_macro   0x0000000000000000       0x34 ./WDGDrv/WDGDrv.o
 .debug_macro   0x0000000000000000       0x18 ./WDGDrv/WDGDrv.o
 .debug_macro   0x0000000000000000       0x6c ./WDGDrv/WDGDrv.o
 .debug_macro   0x0000000000000000       0x69 ./WDGDrv/WDGDrv.o
 .group         0x0000000000000000        0x8 ./WDGDM/WDGM.o
 .group         0x0000000000000000        0x8 ./WDGDM/WDGM.o
 .group         0x0000000000000000        0x8 ./WDGDM/WDGM.o
 .group         0x0000000000000000        0x8 ./WDGDM/WDGM.o
 .group         0x0000000000000000        0x8 ./WDGDM/WDGM.o
 .group         0x0000000000000000        0x8 ./WDGDM/WDGM.o
 .group         0x0000000000000000        0x8 ./WDGDM/WDGM.o
 .group         0x0000000000000000        0x8 ./WDGDM/WDGM.o
 .group         0x0000000000000000        0x8 ./WDGDM/WDGM.o
 .group         0x0000000000000000        0x8 ./WDGDM/WDGM.o
 .group         0x0000000000000000        0x8 ./WDGDM/WDGM.o
 .debug_macro   0x0000000000000000      0xb2c ./WDGDM/WDGM.o
 .debug_macro   0x0000000000000000       0x10 ./WDGDM/WDGM.o
 .debug_macro   0x0000000000000000      0x1c9 ./WDGDM/WDGM.o
 .debug_macro   0x0000000000000000      0x2fc ./WDGDM/WDGM.o
 .debug_macro   0x0000000000000000       0x9e ./WDGDM/WDGM.o
 .debug_macro   0x0000000000000000     0x1411 ./WDGDM/WDGM.o
 .debug_macro   0x0000000000000000      0x13a ./WDGDM/WDGM.o
 .debug_macro   0x0000000000000000       0xbd ./WDGDM/WDGM.o
 .debug_macro   0x0000000000000000       0x34 ./WDGDM/WDGM.o
 .debug_macro   0x0000000000000000       0x18 ./WDGDM/WDGM.o
 .debug_macro   0x0000000000000000       0x6c ./WDGDM/WDGM.o
 .group         0x0000000000000000        0x8 ./LEDMgr/LEDM.o
 .group         0x0000000000000000        0x8 ./LEDMgr/LEDM.o
 .group         0x0000000000000000        0x8 ./LEDMgr/LEDM.o
 .group         0x0000000000000000        0x8 ./LEDMgr/LEDM.o
 .group         0x0000000000000000        0x8 ./LEDMgr/LEDM.o
 .group         0x0000000000000000        0x8 ./LEDMgr/LEDM.o
 .group         0x0000000000000000        0x8 ./LEDMgr/LEDM.o
 .group         0x0000000000000000        0x8 ./LEDMgr/LEDM.o
 .group         0x0000000000000000        0x8 ./LEDMgr/LEDM.o
 .group         0x0000000000000000        0x8 ./LEDMgr/LEDM.o
 .group         0x0000000000000000        0x8 ./LEDMgr/LEDM.o
 .group         0x0000000000000000        0x8 ./LEDMgr/LEDM.o
 .debug_macro   0x0000000000000000      0xb2c ./LEDMgr/LEDM.o
 .debug_macro   0x0000000000000000       0x10 ./LEDMgr/LEDM.o
 .debug_macro   0x0000000000000000      0x1c9 ./LEDMgr/LEDM.o
 .debug_macro   0x0000000000000000      0x2fc ./LEDMgr/LEDM.o
 .debug_macro   0x0000000000000000       0x9e ./LEDMgr/LEDM.o
 .debug_macro   0x0000000000000000     0x1411 ./LEDMgr/LEDM.o
 .debug_macro   0x0000000000000000      0x13a ./LEDMgr/LEDM.o
 .debug_macro   0x0000000000000000       0xbd ./LEDMgr/LEDM.o
 .debug_macro   0x0000000000000000       0x34 ./LEDMgr/LEDM.o
 .debug_macro   0x0000000000000000       0x18 ./LEDMgr/LEDM.o
 .debug_macro   0x0000000000000000       0x6c ./LEDMgr/LEDM.o
 .debug_macro   0x0000000000000000       0x22 ./LEDMgr/LEDM.o

Memory Configuration

Name             Origin             Length             Attributes
text             0x0000000000000000 0x0000000000008000 xr
data             0x0000000000800100 0x0000000000000800 rw !x
eeprom           0x0000000000810000 0x0000000000000400 rw !x
fuse             0x0000000000820000 0x0000000000000003 rw !x
lock             0x0000000000830000 0x0000000000000400 rw !x
signature        0x0000000000840000 0x0000000000000400 rw !x
user_signatures  0x0000000000850000 0x0000000000000400 rw !x
*default*        0x0000000000000000 0xffffffffffffffff

Linker script and memory map

Address of section .data set to 0x800100
LOAD c:/tools/avr8-gnu-toolchain-win32_x86_64/bin/../lib/gcc/avr/7.3.0/../../../../avr/lib/avr5/crtatmega328p.o
LOAD ./src/main.o
LOAD ./gpio/gpio.o
LOAD ./WDGDrv/WDGDrv.o
LOAD ./WDGDM/WDGM.o
LOAD ./LEDMgr/LEDM.o
START GROUP
LOAD c:/tools/avr8-gnu-toolchain-win32_x86_64/bin/../lib/gcc/avr/7.3.0/avr5\libgcc.a
LOAD c:/tools/avr8-gnu-toolchain-win32_x86_64/bin/../lib/gcc/avr/7.3.0/../../../../avr/lib/avr5\libm.a
LOAD c:/tools/avr8-gnu-toolchain-win32_x86_64/bin/../lib/gcc/avr/7.3.0/../../../../avr/lib/avr5\libc.a
LOAD c:/tools/avr8-gnu-toolchain-win32_x86_64/bin/../lib/gcc/avr/7.3.0/../../../../avr/lib/avr5\libatmega328p.a
END GROUP
                0x0000000000000000                __TEXT_REGION_ORIGIN__ = DEFINED (__TEXT_REGION_ORIGIN__)?__TEXT_REGION_ORIGIN__:0x0
                [0x0000000000800100]                __DATA_REGION_ORIGIN__ = DEFINED (__DATA_REGION_ORIGIN__)?__DATA_REGION_ORIGIN__:0x800060
                [0x0000000000008000]                __TEXT_REGION_LENGTH__ = DEFINED (__TEXT_REGION_LENGTH__)?__TEXT_REGION_LENGTH__:0x20000
                [0x0000000000000800]                __DATA_REGION_LENGTH__ = DEFINED (__DATA_REGION_LENGTH__)?__DATA_REGION_LENGTH__:0xffa0
                [0x0000000000000400]                __EEPROM_REGION_LENGTH__ = DEFINED (__EEPROM_REGION_LENGTH__)?__EEPROM_REGION_LENGTH__:0x10000
                [0x0000000000000003]                __FUSE_REGION_LENGTH__ = DEFINED (__FUSE_REGION_LENGTH__)?__FUSE_REGION_LENGTH__:0x400
                0x0000000000000400                __LOCK_REGION_LENGTH__ = DEFINED (__LOCK_REGION_LENGTH__)?__LOCK_REGION_LENGTH__:0x400
                0x0000000000000400                __SIGNATURE_REGION_LENGTH__ = DEFINED (__SIGNATURE_REGION_LENGTH__)?__SIGNATURE_REGION_LENGTH__:0x400
                0x0000000000000400                __USER_SIGNATURE_REGION_LENGTH__ = DEFINED (__USER_SIGNATURE_REGION_LENGTH__)?__USER_SIGNATURE_REGION_LENGTH__:0x400

.hash
 *(.hash)

.dynsym
 *(.dynsym)

.dynstr
 *(.dynstr)

.gnu.version
 *(.gnu.version)

.gnu.version_d
 *(.gnu.version_d)

.gnu.version_r
 *(.gnu.version_r)

.rel.init
 *(.rel.init)

.rela.init
 *(.rela.init)

.rel.text
 *(.rel.text)
 *(.rel.text.*)
 *(.rel.gnu.linkonce.t*)

.rela.text
 *(.rela.text)
 *(.rela.text.*)
 *(.rela.gnu.linkonce.t*)

.rel.fini
 *(.rel.fini)

.rela.fini
 *(.rela.fini)

.rel.rodata
 *(.rel.rodata)
 *(.rel.rodata.*)
 *(.rel.gnu.linkonce.r*)

.rela.rodata
 *(.rela.rodata)
 *(.rela.rodata.*)
 *(.rela.gnu.linkonce.r*)

.rel.data
 *(.rel.data)
 *(.rel.data.*)
 *(.rel.gnu.linkonce.d*)

.rela.data
 *(.rela.data)
 *(.rela.data.*)
 *(.rela.gnu.linkonce.d*)

.rel.ctors
 *(.rel.ctors)

.rela.ctors
 *(.rela.ctors)

.rel.dtors
 *(.rel.dtors)

.rela.dtors
 *(.rela.dtors)

.rel.got
 *(.rel.got)

.rela.got
 *(.rela.got)

.rel.bss
 *(.rel.bss)

.rela.bss
 *(.rela.bss)

.rel.plt
 *(.rel.plt)

.rela.plt
 *(.rela.plt)

.text           0x0000000000000000      0x3c2
 *(.vectors)
 .vectors       0x0000000000000000       0x68 c:/tools/avr8-gnu-toolchain-win32_x86_64/bin/../lib/gcc/avr/7.3.0/../../../../avr/lib/avr5/crtatmega328p.o
                0x0000000000000000                __vector_default
                0x0000000000000000                __vectors
 *(.vectors)
 *(.progmem.gcc*)
                0x0000000000000068                . = ALIGN (0x2)
                0x0000000000000068                __trampolines_start = .
 *(.trampolines)
 .trampolines   0x0000000000000068        0x0 linker stubs
 *(.trampolines*)
                0x0000000000000068                __trampolines_end = .
 *libprintf_flt.a:*(.progmem.data)
 *libc.a:*(.progmem.data)
 *(.progmem*)
                0x0000000000000068                . = ALIGN (0x2)
 *(.jumptables)
 *(.jumptables*)
 *(.lowtext)
 *(.lowtext*)
                0x0000000000000068                __ctors_start = .
 *(.ctors)
                0x0000000000000068                __ctors_end = .
                0x0000000000000068                __dtors_start = .
 *(.dtors)
                0x0000000000000068                __dtors_end = .
 SORT(*)(.ctors)
 SORT(*)(.dtors)
 *(.init0)
 .init0         0x0000000000000068        0x0 c:/tools/avr8-gnu-toolchain-win32_x86_64/bin/../lib/gcc/avr/7.3.0/../../../../avr/lib/avr5/crtatmega328p.o
                0x0000000000000068                __init
 *(.init0)
 *(.init1)
 *(.init1)
 *(.init2)
 .init2         0x0000000000000068        0xc c:/tools/avr8-gnu-toolchain-win32_x86_64/bin/../lib/gcc/avr/7.3.0/../../../../avr/lib/avr5/crtatmega328p.o
 *(.init2)
 *(.init3)
 *(.init3)
 *(.init4)
 .init4         0x0000000000000074       0x16 c:/tools/avr8-gnu-toolchain-win32_x86_64/bin/../lib/gcc/avr/7.3.0/avr5\libgcc.a(_copy_data.o)
                0x0000000000000074                __do_copy_data
 .init4         0x000000000000008a       0x10 c:/tools/avr8-gnu-toolchain-win32_x86_64/bin/../lib/gcc/avr/7.3.0/avr5\libgcc.a(_clear_bss.o)
                0x000000000000008a                __do_clear_bss
 *(.init4)
 *(.init5)
 *(.init5)
 *(.init6)
 *(.init6)
 *(.init7)
 *(.init7)
 *(.init8)
 *(.init8)
 *(.init9)
 .init9         0x000000000000009a        0x8 c:/tools/avr8-gnu-toolchain-win32_x86_64/bin/../lib/gcc/avr/7.3.0/../../../../avr/lib/avr5/crtatmega328p.o
 *(.init9)
 *(.text)
 .text          0x00000000000000a2        0x4 c:/tools/avr8-gnu-toolchain-win32_x86_64/bin/../lib/gcc/avr/7.3.0/../../../../avr/lib/avr5/crtatmega328p.o
                0x00000000000000a2                __vector_22
                0x00000000000000a2                __vector_1
                0x00000000000000a2                __vector_24
                0x00000000000000a2                __vector_12
                0x00000000000000a2                __bad_interrupt
                0x00000000000000a2                __vector_6
                0x00000000000000a2                __vector_3
                0x00000000000000a2                __vector_23
                0x00000000000000a2                __vector_25
                0x00000000000000a2                __vector_13
                0x00000000000000a2                __vector_17
                0x00000000000000a2                __vector_19
                0x00000000000000a2                __vector_7
                0x00000000000000a2                __vector_5
                0x00000000000000a2                __vector_4
                0x00000000000000a2                __vector_9
                0x00000000000000a2                __vector_2
                0x00000000000000a2                __vector_21
                0x00000000000000a2                __vector_15
                0x00000000000000a2                __vector_8
                0x00000000000000a2                __vector_10
                0x00000000000000a2                __vector_16
                0x00000000000000a2                __vector_18
                0x00000000000000a2                __vector_20
 .text          0x00000000000000a6        0x0 ./src/main.o
 .text          0x00000000000000a6        0x0 ./gpio/gpio.o
 .text          0x00000000000000a6        0x0 ./WDGDrv/WDGDrv.o
 .text          0x00000000000000a6        0x0 ./WDGDM/WDGM.o
 .text          0x00000000000000a6        0x0 ./LEDMgr/LEDM.o
 .text          0x00000000000000a6        0x0 c:/tools/avr8-gnu-toolchain-win32_x86_64/bin/../lib/gcc/avr/7.3.0/avr5\libgcc.a(_exit.o)
 .text          0x00000000000000a6        0x0 c:/tools/avr8-gnu-toolchain-win32_x86_64/bin/../lib/gcc/avr/7.3.0/avr5\libgcc.a(_copy_data.o)
 .text          0x00000000000000a6        0x0 c:/tools/avr8-gnu-toolchain-win32_x86_64/bin/../lib/gcc/avr/7.3.0/avr5\libgcc.a(_clear_bss.o)
                0x00000000000000a6                . = ALIGN (0x2)
 *(.text.*)
 .text.Timer0_Init
                0x00000000000000a6       0x12 ./src/main.o
                0x00000000000000a6                Timer0_Init
 .text.__vector_14
                0x00000000000000b8       0x4a ./src/main.o
                0x00000000000000b8                __vector_14
 .text.startup.main
                0x0000000000000102       0xcc ./src/main.o
                0x0000000000000102                main
 .text.GPIO_Init
                0x00000000000001ce        0x4 ./gpio/gpio.o
                0x00000000000001ce                GPIO_Init
 .text.GPIO_Write
                0x00000000000001d2       0x24 ./gpio/gpio.o
                0x00000000000001d2                GPIO_Write
 .text.WDGDrv_Init
                0x00000000000001f6       0x42 ./WDGDrv/WDGDrv.o
                0x00000000000001f6                WDGDrv_Init
 .text.WDGDrv_IsrNotification
                0x0000000000000238       0x2c ./WDGDrv/WDGDrv.o
                0x0000000000000238                WDGDrv_IsrNotification
 .text.__vector_11
                0x0000000000000264       0x48 ./WDGDrv/WDGDrv.o
                0x0000000000000264                __vector_11
 .text.WDGM_Init
                0x00000000000002ac       0x20 ./WDGDM/WDGM.o
                0x00000000000002ac                WDGM_Init
 .text.WDGM_MainFunction
                0x00000000000002cc       0x6a ./WDGDM/WDGM.o
                0x00000000000002cc                WDGM_MainFunction
 .text.WDGM_PovideSuppervisionStatus
                0x0000000000000336        0x6 ./WDGDM/WDGM.o
                0x0000000000000336                WDGM_PovideSuppervisionStatus
 .text.WDGM_AlivenessIndication
                0x000000000000033c       0x14 ./WDGDM/WDGM.o
                0x000000000000033c                WDGM_AlivenessIndication
 .text.LEDM_Init
                0x0000000000000350       0x12 ./LEDMgr/LEDM.o
                0x0000000000000350                LEDM_Init
 .text.LEDM_Manage
                0x0000000000000362       0x5c ./LEDMgr/LEDM.o
                0x0000000000000362                LEDM_Manage
 .text.libgcc.mul
                0x00000000000003be        0x0 c:/tools/avr8-gnu-toolchain-win32_x86_64/bin/../lib/gcc/avr/7.3.0/avr5\libgcc.a(_exit.o)
 .text.libgcc.div
                0x00000000000003be        0x0 c:/tools/avr8-gnu-toolchain-win32_x86_64/bin/../lib/gcc/avr/7.3.0/avr5\libgcc.a(_exit.o)
 .text.libgcc   0x00000000000003be        0x0 c:/tools/avr8-gnu-toolchain-win32_x86_64/bin/../lib/gcc/avr/7.3.0/avr5\libgcc.a(_exit.o)
 .text.libgcc.prologue
                0x00000000000003be        0x0 c:/tools/avr8-gnu-toolchain-win32_x86_64/bin/../lib/gcc/avr/7.3.0/avr5\libgcc.a(_exit.o)
 .text.libgcc.builtins
                0x00000000000003be        0x0 c:/tools/avr8-gnu-toolchain-win32_x86_64/bin/../lib/gcc/avr/7.3.0/avr5\libgcc.a(_exit.o)
 .text.libgcc.fmul
                0x00000000000003be        0x0 c:/tools/avr8-gnu-toolchain-win32_x86_64/bin/../lib/gcc/avr/7.3.0/avr5\libgcc.a(_exit.o)
 .text.libgcc.fixed
                0x00000000000003be        0x0 c:/tools/avr8-gnu-toolchain-win32_x86_64/bin/../lib/gcc/avr/7.3.0/avr5\libgcc.a(_exit.o)
 .text.libgcc.mul
                0x00000000000003be        0x0 c:/tools/avr8-gnu-toolchain-win32_x86_64/bin/../lib/gcc/avr/7.3.0/avr5\libgcc.a(_copy_data.o)
 .text.libgcc.div
                0x00000000000003be        0x0 c:/tools/avr8-gnu-toolchain-win32_x86_64/bin/../lib/gcc/avr/7.3.0/avr5\libgcc.a(_copy_data.o)
 .text.libgcc   0x00000000000003be        0x0 c:/tools/avr8-gnu-toolchain-win32_x86_64/bin/../lib/gcc/avr/7.3.0/avr5\libgcc.a(_copy_data.o)
 .text.libgcc.prologue
                0x00000000000003be        0x0 c:/tools/avr8-gnu-toolchain-win32_x86_64/bin/../lib/gcc/avr/7.3.0/avr5\libgcc.a(_copy_data.o)
 .text.libgcc.builtins
                0x00000000000003be        0x0 c:/tools/avr8-gnu-toolchain-win32_x86_64/bin/../lib/gcc/avr/7.3.0/avr5\libgcc.a(_copy_data.o)
 .text.libgcc.fmul
                0x00000000000003be        0x0 c:/tools/avr8-gnu-toolchain-win32_x86_64/bin/../lib/gcc/avr/7.3.0/avr5\libgcc.a(_copy_data.o)
 .text.libgcc.fixed
                0x00000000000003be        0x0 c:/tools/avr8-gnu-toolchain-win32_x86_64/bin/../lib/gcc/avr/7.3.0/avr5\libgcc.a(_copy_data.o)
 .text.libgcc.mul
                0x00000000000003be        0x0 c:/tools/avr8-gnu-toolchain-win32_x86_64/bin/../lib/gcc/avr/7.3.0/avr5\libgcc.a(_clear_bss.o)
 .text.libgcc.div
                0x00000000000003be        0x0 c:/tools/avr8-gnu-toolchain-win32_x86_64/bin/../lib/gcc/avr/7.3.0/avr5\libgcc.a(_clear_bss.o)
 .text.libgcc   0x00000000000003be        0x0 c:/tools/avr8-gnu-toolchain-win32_x86_64/bin/../lib/gcc/avr/7.3.0/avr5\libgcc.a(_clear_bss.o)
 .text.libgcc.prologue
                0x00000000000003be        0x0 c:/tools/avr8-gnu-toolchain-win32_x86_64/bin/../lib/gcc/avr/7.3.0/avr5\libgcc.a(_clear_bss.o)
 .text.libgcc.builtins
                0x00000000000003be        0x0 c:/tools/avr8-gnu-toolchain-win32_x86_64/bin/../lib/gcc/avr/7.3.0/avr5\libgcc.a(_clear_bss.o)
 .text.libgcc.fmul
                0x00000000000003be        0x0 c:/tools/avr8-gnu-toolchain-win32_x86_64/bin/../lib/gcc/avr/7.3.0/avr5\libgcc.a(_clear_bss.o)
 .text.libgcc.fixed
                0x00000000000003be        0x0 c:/tools/avr8-gnu-toolchain-win32_x86_64/bin/../lib/gcc/avr/7.3.0/avr5\libgcc.a(_clear_bss.o)
                0x00000000000003be                . = ALIGN (0x2)
 *(.fini9)
 .fini9         0x00000000000003be        0x0 c:/tools/avr8-gnu-toolchain-win32_x86_64/bin/../lib/gcc/avr/7.3.0/avr5\libgcc.a(_exit.o)
                0x00000000000003be                _exit
                0x00000000000003be                exit
 *(.fini9)
 *(.fini8)
 *(.fini8)
 *(.fini7)
 *(.fini7)
 *(.fini6)
 *(.fini6)
 *(.fini5)
 *(.fini5)
 *(.fini4)
 *(.fini4)
 *(.fini3)
 *(.fini3)
 *(.fini2)
 *(.fini2)
 *(.fini1)
 *(.fini1)
 *(.fini0)
 .fini0         0x00000000000003be        0x4 c:/tools/avr8-gnu-toolchain-win32_x86_64/bin/../lib/gcc/avr/7.3.0/avr5\libgcc.a(_exit.o)
 *(.fini0)
                0x00000000000003c2                _etext = .

.data           0x0000000000800100        0x2 load address 0x00000000000003c2
                0x0000000000800100                PROVIDE (__data_start, .)
 *(.data)
 .data          0x0000000000800100        0x0 c:/tools/avr8-gnu-toolchain-win32_x86_64/bin/../lib/gcc/avr/7.3.0/../../../../avr/lib/avr5/crtatmega328p.o
 .data          0x0000000000800100        0x0 ./src/main.o
 .data          0x0000000000800100        0x0 ./gpio/gpio.o
 .data          0x0000000000800100        0x0 ./WDGDrv/WDGDrv.o
 .data          0x0000000000800100        0x0 ./WDGDM/WDGM.o
 .data          0x0000000000800100        0x0 ./LEDMgr/LEDM.o
 .data          0x0000000000800100        0x0 c:/tools/avr8-gnu-toolchain-win32_x86_64/bin/../lib/gcc/avr/7.3.0/avr5\libgcc.a(_exit.o)
 .data          0x0000000000800100        0x0 c:/tools/avr8-gnu-toolchain-win32_x86_64/bin/../lib/gcc/avr/7.3.0/avr5\libgcc.a(_copy_data.o)
 .data          0x0000000000800100        0x0 c:/tools/avr8-gnu-toolchain-win32_x86_64/bin/../lib/gcc/avr/7.3.0/avr5\libgcc.a(_clear_bss.o)
 *(.data*)
 .data.ledState
                0x0000000000800100        0x1 ./LEDMgr/LEDM.o
 *(.gnu.linkonce.d*)
 *(.rodata)
 *(.rodata*)
 *(.gnu.linkonce.r*)
                0x0000000000800102                . = ALIGN (0x2)
 *fill*         0x0000000000800101        0x1 
                0x0000000000800102                _edata = .
                0x0000000000800102                PROVIDE (__data_end, .)

.bss            0x0000000000800102       0x18
                0x0000000000800102                PROVIDE (__bss_start, .)
 *(.bss)
 .bss           0x0000000000800102        0x0 c:/tools/avr8-gnu-toolchain-win32_x86_64/bin/../lib/gcc/avr/7.3.0/../../../../avr/lib/avr5/crtatmega328p.o
 .bss           0x0000000000800102        0x0 ./src/main.o
 .bss           0x0000000000800102        0x0 ./gpio/gpio.o
 .bss           0x0000000000800102        0x0 ./WDGDrv/WDGDrv.o
 .bss           0x0000000000800102        0x0 ./WDGDM/WDGM.o
 .bss           0x0000000000800102        0x0 ./LEDMgr/LEDM.o
 .bss           0x0000000000800102        0x0 c:/tools/avr8-gnu-toolchain-win32_x86_64/bin/../lib/gcc/avr/7.3.0/avr5\libgcc.a(_exit.o)
 .bss           0x0000000000800102        0x0 c:/tools/avr8-gnu-toolchain-win32_x86_64/bin/../lib/gcc/avr/7.3.0/avr5\libgcc.a(_copy_data.o)
 .bss           0x0000000000800102        0x0 c:/tools/avr8-gnu-toolchain-win32_x86_64/bin/../lib/gcc/avr/7.3.0/avr5\libgcc.a(_clear_bss.o)
 *(.bss*)
 .bss.wdgm_lastTime
                0x0000000000800102        0x4 ./src/main.o
                0x0000000000800102                wdgm_lastTime
 .bss.ledm_lastTime
                0x0000000000800106        0x4 ./src/main.o
                0x0000000000800106                ledm_lastTime
 .bss.time      0x000000000080010a        0x4 ./src/main.o
                0x000000000080010a                time
 .bss.stuck_flag
                0x000000000080010e        0x1 ./src/main.o
                0x000000000080010e                stuck_flag
 .bss.ledM_Manage_CallCount
                0x000000000080010f        0x2 ./WDGDM/WDGM.o
 .bss.wdgmStatus
                0x0000000000800111        0x1 ./WDGDM/WDGM.o
 .bss.elapsedTime
                0x0000000000800112        0x4 ./WDGDM/WDGM.o
 .bss.elapsedTime
                0x0000000000800116        0x4 ./LEDMgr/LEDM.o
 *(COMMON)
                0x000000000080011a                PROVIDE (__bss_end, .)
                0x00000000000003c2                __data_load_start = LOADADDR (.data)
                0x00000000000003c4                __data_load_end = (__data_load_start + SIZEOF (.data))

.noinit         0x000000000080011a        0x0
                [!provide]                        PROVIDE (__noinit_start, .)
 *(.noinit*)
                [!provide]                        PROVIDE (__noinit_end, .)
                0x000000000080011a                _end = .
                [!provide]                        PROVIDE (__heap_start, .)

.eeprom         0x0000000000810000        0x0
 *(.eeprom*)
                0x0000000000810000                __eeprom_end = .

.fuse
 *(.fuse)
 *(.lfuse)
 *(.hfuse)
 *(.efuse)

.lock
 *(.lock*)

.signature
 *(.signature*)

.user_signatures
 *(.user_signatures*)

.stab
 *(.stab)

.stabstr
 *(.stabstr)

.stab.excl
 *(.stab.excl)

.stab.exclstr
 *(.stab.exclstr)

.stab.index
 *(.stab.index)

.stab.indexstr
 *(.stab.indexstr)

.comment        0x0000000000000000       0x30
 *(.comment)
 .comment       0x0000000000000000       0x30 ./src/main.o
                                         0x31 (size before relaxing)
 .comment       0x0000000000000030       0x31 ./gpio/gpio.o
 .comment       0x0000000000000030       0x31 ./WDGDrv/WDGDrv.o
 .comment       0x0000000000000030       0x31 ./WDGDM/WDGM.o
 .comment       0x0000000000000030       0x31 ./LEDMgr/LEDM.o

.note.gnu.avr.deviceinfo
                0x0000000000000000       0x40
 .note.gnu.avr.deviceinfo
                0x0000000000000000       0x40 c:/tools/avr8-gnu-toolchain-win32_x86_64/bin/../lib/gcc/avr/7.3.0/../../../../avr/lib/avr5/crtatmega328p.o

.note.gnu.build-id
 *(.note.gnu.build-id)

.debug
 *(.debug)

.line
 *(.line)

.debug_srcinfo
 *(.debug_srcinfo)

.debug_sfnames
 *(.debug_sfnames)

.debug_aranges  0x0000000000000000       0xe8
 *(.debug_aranges)
 .debug_aranges
                0x0000000000000000       0x30 ./src/main.o
 .debug_aranges
                0x0000000000000030       0x28 ./gpio/gpio.o
 .debug_aranges
                0x0000000000000058       0x30 ./WDGDrv/WDGDrv.o
 .debug_aranges
                0x0000000000000088       0x38 ./WDGDM/WDGM.o
 .debug_aranges
                0x00000000000000c0       0x28 ./LEDMgr/LEDM.o

.debug_pubnames
 *(.debug_pubnames)

.debug_info     0x0000000000000000      0xc36
 *(.debug_info .gnu.linkonce.wi.*)
 .debug_info    0x0000000000000000      0x5f4 c:/tools/avr8-gnu-toolchain-win32_x86_64/bin/../lib/gcc/avr/7.3.0/../../../../avr/lib/avr5/crtatmega328p.o
 .debug_info    0x00000000000005f4      0x186 ./src/main.o
 .debug_info    0x000000000000077a       0xbe ./gpio/gpio.o
 .debug_info    0x0000000000000838      0x18b ./WDGDrv/WDGDrv.o
 .debug_info    0x00000000000009c3      0x143 ./WDGDM/WDGM.o
 .debug_info    0x0000000000000b06      0x130 ./LEDMgr/LEDM.o

.debug_abbrev   0x0000000000000000      0x987
 *(.debug_abbrev)
 .debug_abbrev  0x0000000000000000      0x5a2 c:/tools/avr8-gnu-toolchain-win32_x86_64/bin/../lib/gcc/avr/7.3.0/../../../../avr/lib/avr5/crtatmega328p.o
 .debug_abbrev  0x00000000000005a2       0xbb ./src/main.o
 .debug_abbrev  0x000000000000065d       0x8c ./gpio/gpio.o
 .debug_abbrev  0x00000000000006e9      0x142 ./WDGDrv/WDGDrv.o
 .debug_abbrev  0x000000000000082b       0xa8 ./WDGDM/WDGM.o
 .debug_abbrev  0x00000000000008d3       0xb4 ./LEDMgr/LEDM.o

.debug_line     0x0000000000000000      0xd54
 *(.debug_line .debug_line.* .debug_line_end)
 .debug_line    0x0000000000000000       0x1a c:/tools/avr8-gnu-toolchain-win32_x86_64/bin/../lib/gcc/avr/7.3.0/../../../../avr/lib/avr5/crtatmega328p.o
 .debug_line    0x000000000000001a      0x3f6 ./src/main.o
 .debug_line    0x0000000000000410      0x1bb ./gpio/gpio.o
 .debug_line    0x00000000000005cb      0x2b9 ./WDGDrv/WDGDrv.o
 .debug_line    0x0000000000000884      0x21a ./WDGDM/WDGM.o
 .debug_line    0x0000000000000a9e      0x2b6 ./LEDMgr/LEDM.o

.debug_frame    0x0000000000000000      0x1ac
 *(.debug_frame)
 .debug_frame   0x0000000000000000       0x64 ./src/main.o
 .debug_frame   0x0000000000000064       0x34 ./gpio/gpio.o
 .debug_frame   0x0000000000000098       0x8c ./WDGDrv/WDGDrv.o
 .debug_frame   0x0000000000000124       0x54 ./WDGDM/WDGM.o
 .debug_frame   0x0000000000000178       0x34 ./LEDMgr/LEDM.o

.debug_str      0x0000000000000000     0x73c9
 *(.debug_str)
 .debug_str     0x0000000000000000      0x208 c:/tools/avr8-gnu-toolchain-win32_x86_64/bin/../lib/gcc/avr/7.3.0/../../../../avr/lib/avr5/crtatmega328p.o
 .debug_str     0x0000000000000208     0x6f15 ./src/main.o
                                       0x6fc5 (size before relaxing)
 .debug_str     0x000000000000711d       0x3e ./gpio/gpio.o
                                       0x6b8d (size before relaxing)
 .debug_str     0x000000000000715b      0x1b2 ./WDGDrv/WDGDrv.o
                                       0x7040 (size before relaxing)
 .debug_str     0x000000000000730d       0x6f ./WDGDM/WDGM.o
                                       0x6bcb (size before relaxing)
 .debug_str     0x000000000000737c       0x4d ./LEDMgr/LEDM.o
                                       0x6c08 (size before relaxing)

.debug_loc      0x0000000000000000      0x162
 *(.debug_loc)
 .debug_loc     0x0000000000000000       0x63 ./src/main.o
 .debug_loc     0x0000000000000063       0x21 ./gpio/gpio.o
 .debug_loc     0x0000000000000084       0xde ./WDGDrv/WDGDrv.o

.debug_macinfo
 *(.debug_macinfo)

.debug_weaknames
 *(.debug_weaknames)

.debug_funcnames
 *(.debug_funcnames)

.debug_typenames
 *(.debug_typenames)

.debug_varnames
 *(.debug_varnames)

.debug_pubtypes
 *(.debug_pubtypes)

.debug_ranges   0x0000000000000000       0x98
 *(.debug_ranges)
 .debug_ranges  0x0000000000000000       0x20 ./src/main.o
 .debug_ranges  0x0000000000000020       0x18 ./gpio/gpio.o
 .debug_ranges  0x0000000000000038       0x20 ./WDGDrv/WDGDrv.o
 .debug_ranges  0x0000000000000058       0x28 ./WDGDM/WDGM.o
 .debug_ranges  0x0000000000000080       0x18 ./LEDMgr/LEDM.o

.debug_macro    0x0000000000000000     0x2c2d
 *(.debug_macro)
 .debug_macro   0x0000000000000000       0xd5 ./src/main.o
 .debug_macro   0x00000000000000d5      0xb2c ./src/main.o
 .debug_macro   0x0000000000000c01       0x10 ./src/main.o
 .debug_macro   0x0000000000000c11      0x1c9 ./src/main.o
 .debug_macro   0x0000000000000dda      0x2fc ./src/main.o
 .debug_macro   0x00000000000010d6       0x9e ./src/main.o
 .debug_macro   0x0000000000001174     0x1411 ./src/main.o
 .debug_macro   0x0000000000002585      0x13a ./src/main.o
 .debug_macro   0x00000000000026bf       0xbd ./src/main.o
 .debug_macro   0x000000000000277c       0x34 ./src/main.o
 .debug_macro   0x00000000000027b0       0x18 ./src/main.o
 .debug_macro   0x00000000000027c8       0x6c ./src/main.o
 .debug_macro   0x0000000000002834       0x69 ./src/main.o
 .debug_macro   0x000000000000289d       0x22 ./src/main.o
 .debug_macro   0x00000000000028bf       0x96 ./gpio/gpio.o
 .debug_macro   0x0000000000002955       0x22 ./gpio/gpio.o
 .debug_macro   0x0000000000002977       0xfb ./WDGDrv/WDGDrv.o
 .debug_macro   0x0000000000002a72       0x68 ./WDGDrv/WDGDrv.o
 .debug_macro   0x0000000000002ada       0x97 ./WDGDM/WDGM.o
 .debug_macro   0x0000000000002b71       0xbc ./LEDMgr/LEDM.o
OUTPUT(Code_Scenario_D.elf elf32-avr)
LOAD linker stubs
